// Jest Snapshot v1, https://goo.gl/fbAQLP

exports[`snapshot 1`] = `"<div id=\\"messages\\" style=\\"display: flex; flex-direction: column; padding-bottom: 50px;\\"><div class=\\"ant-card ant-card-bordered\\" style=\\"width: 300px; margin: 16px 4px 0px; align-self: flex-end;\\"><div class=\\"ant-card-body\\"><div class=\\"ant-card-meta\\"><div class=\\"ant-card-meta-avatar\\"><span class=\\"ant-avatar ant-avatar-circle\\" style=\\"color: rgb(245, 106, 0); background-color: rgb(253, 227, 207);\\"><span class=\\"ant-avatar-string\\" style=\\"transform: scale(1) translateX(-50%);\\">B</span></span></div><div class=\\"ant-card-meta-detail\\"><div class=\\"ant-card-meta-title\\">Bob</div><div class=\\"ant-card-meta-description\\">Hey!</div></div></div></div></div><div class=\\"ant-card ant-card-bordered\\" style=\\"width: 300px; margin: 16px 4px 0px; align-self: flex-end;\\"><div class=\\"ant-card-body\\"><div class=\\"ant-card-meta\\"><div class=\\"ant-card-meta-avatar\\"><span class=\\"ant-avatar ant-avatar-circle\\" style=\\"color: rgb(245, 106, 0); background-color: rgb(253, 227, 207);\\"><span class=\\"ant-avatar-string\\" style=\\"transform: scale(1) translateX(-50%);\\">B</span></span></div><div class=\\"ant-card-meta-detail\\"><div class=\\"ant-card-meta-title\\">Bob</div><div class=\\"ant-card-meta-description\\">Hi there!</div></div></div></div></div></div>"`;
